running egg_info
writing ../../build/opencv_calculator/opencv_calculator.egg-info/PKG-INFO
writing dependency_links to ../../build/opencv_calculator/opencv_calculator.egg-info/dependency_links.txt
writing entry points to ../../build/opencv_calculator/opencv_calculator.egg-info/entry_points.txt
writing requirements to ../../build/opencv_calculator/opencv_calculator.egg-info/requires.txt
writing top-level names to ../../build/opencv_calculator/opencv_calculator.egg-info/top_level.txt
reading manifest file '../../build/opencv_calculator/opencv_calculator.egg-info/SOURCES.txt'
writing manifest file '../../build/opencv_calculator/opencv_calculator.egg-info/SOURCES.txt'
running build
running build_py
copying opencv_calculator/ui_buttons.py -> /home/sam/vision_ws/build/opencv_calculator/build/lib/opencv_calculator
copying opencv_calculator/calculator_node.py -> /home/sam/vision_ws/build/opencv_calculator/build/lib/opencv_calculator
running install
running install_lib
copying /home/sam/vision_ws/build/opencv_calculator/build/lib/opencv_calculator/ui_buttons.py -> /home/sam/vision_ws/install/opencv_calculator/lib/python3.10/site-packages/opencv_calculator
copying /home/sam/vision_ws/build/opencv_calculator/build/lib/opencv_calculator/calculator_node.py -> /home/sam/vision_ws/install/opencv_calculator/lib/python3.10/site-packages/opencv_calculator
byte-compiling /home/sam/vision_ws/install/opencv_calculator/lib/python3.10/site-packages/opencv_calculator/ui_buttons.py to ui_buttons.cpython-310.pyc
byte-compiling /home/sam/vision_ws/install/opencv_calculator/lib/python3.10/site-packages/opencv_calculator/calculator_node.py to calculator_node.cpython-310.pyc
running install_data
running install_egg_info
removing '/home/sam/vision_ws/install/opencv_calculator/lib/python3.10/site-packages/opencv_calculator-0.0.0-py3.10.egg-info' (and everything under it)
Copying ../../build/opencv_calculator/opencv_calculator.egg-info to /home/sam/vision_ws/install/opencv_calculator/lib/python3.10/site-packages/opencv_calculator-0.0.0-py3.10.egg-info
running install_scripts
Installing calculator_node script to /home/sam/vision_ws/install/opencv_calculator/lib/opencv_calculator
writing list of installed files to '/home/sam/vision_ws/build/opencv_calculator/install.log'
