[0.595s] Invoking command in '/home/sam/vision_ws/src/opencv_calculator': PYTHONPATH=/home/sam/vision_ws/build/opencv_calculator/prefix_override:/usr/lib/python3/dist-packages/colcon_core/task/python/colcon_distutils_commands:/home/sam/vision_ws/install/opencv_calculator/lib/python3.10/site-packages:${PYTHONPATH} /usr/bin/python3 -W ignore:setup.py install is deprecated -W ignore:easy_install command is deprecated setup.py egg_info --egg-base ../../build/opencv_calculator build --build-base /home/sam/vision_ws/build/opencv_calculator/build install --record /home/sam/vision_ws/build/opencv_calculator/install.log --single-version-externally-managed install_data
[0.816s] running egg_info
[0.816s] creating ../../build/opencv_calculator/opencv_calculator.egg-info
[0.824s] writing ../../build/opencv_calculator/opencv_calculator.egg-info/PKG-INFO
[0.824s] writing dependency_links to ../../build/opencv_calculator/opencv_calculator.egg-info/dependency_links.txt
[0.824s] writing requirements to ../../build/opencv_calculator/opencv_calculator.egg-info/requires.txt
[0.824s] writing top-level names to ../../build/opencv_calculator/opencv_calculator.egg-info/top_level.txt
[0.824s] writing manifest file '../../build/opencv_calculator/opencv_calculator.egg-info/SOURCES.txt'
[0.841s] reading manifest file '../../build/opencv_calculator/opencv_calculator.egg-info/SOURCES.txt'
[0.842s] writing manifest file '../../build/opencv_calculator/opencv_calculator.egg-info/SOURCES.txt'
[0.842s] running build
[0.842s] running build_py
[0.842s] creating /home/sam/vision_ws/build/opencv_calculator/build
[0.842s] creating /home/sam/vision_ws/build/opencv_calculator/build/lib
[0.842s] creating /home/sam/vision_ws/build/opencv_calculator/build/lib/opencv_calculator
[0.842s] copying opencv_calculator/__init__.py -> /home/sam/vision_ws/build/opencv_calculator/build/lib/opencv_calculator
[0.842s] running install
[0.845s] running install_lib
[0.853s] creating /home/sam/vision_ws/install/opencv_calculator/lib/python3.10/site-packages/opencv_calculator
[0.853s] copying /home/sam/vision_ws/build/opencv_calculator/build/lib/opencv_calculator/__init__.py -> /home/sam/vision_ws/install/opencv_calculator/lib/python3.10/site-packages/opencv_calculator
[0.853s] byte-compiling /home/sam/vision_ws/install/opencv_calculator/lib/python3.10/site-packages/opencv_calculator/__init__.py to __init__.cpython-310.pyc
[0.853s] running install_data
[0.853s] creating /home/sam/vision_ws/install/opencv_calculator/share/ament_index
[0.853s] creating /home/sam/vision_ws/install/opencv_calculator/share/ament_index/resource_index
[0.853s] creating /home/sam/vision_ws/install/opencv_calculator/share/ament_index/resource_index/packages
[0.853s] copying resource/opencv_calculator -> /home/sam/vision_ws/install/opencv_calculator/share/ament_index/resource_index/packages
[0.854s] copying package.xml -> /home/sam/vision_ws/install/opencv_calculator/share/opencv_calculator
[0.854s] running install_egg_info
[0.862s] Copying ../../build/opencv_calculator/opencv_calculator.egg-info to /home/sam/vision_ws/install/opencv_calculator/lib/python3.10/site-packages/opencv_calculator-0.0.0-py3.10.egg-info
[0.862s] running install_scripts
[0.895s] writing list of installed files to '/home/sam/vision_ws/build/opencv_calculator/install.log'
[0.918s] Invoked command in '/home/sam/vision_ws/src/opencv_calculator' returned '0': PYTHONPATH=/home/sam/vision_ws/build/opencv_calculator/prefix_override:/usr/lib/python3/dist-packages/colcon_core/task/python/colcon_distutils_commands:/home/sam/vision_ws/install/opencv_calculator/lib/python3.10/site-packages:${PYTHONPATH} /usr/bin/python3 -W ignore:setup.py install is deprecated -W ignore:easy_install command is deprecated setup.py egg_info --egg-base ../../build/opencv_calculator build --build-base /home/sam/vision_ws/build/opencv_calculator/build install --record /home/sam/vision_ws/build/opencv_calculator/install.log --single-version-externally-managed install_data
