[0.569s] Invoking command in '/home/sam/vision_ws/src/opencv_calculator': PYTHONPATH=/home/sam/vision_ws/build/opencv_calculator/prefix_override:/usr/lib/python3/dist-packages/colcon_core/task/python/colcon_distutils_commands:/home/sam/vision_ws/install/opencv_calculator/lib/python3.10/site-packages:${PYTHONPATH} /usr/bin/python3 -W ignore:setup.py install is deprecated -W ignore:easy_install command is deprecated setup.py egg_info --egg-base ../../build/opencv_calculator build --build-base /home/sam/vision_ws/build/opencv_calculator/build install --record /home/sam/vision_ws/build/opencv_calculator/install.log --single-version-externally-managed install_data
[0.787s] running egg_info
[0.795s] writing ../../build/opencv_calculator/opencv_calculator.egg-info/PKG-INFO
[0.795s] writing dependency_links to ../../build/opencv_calculator/opencv_calculator.egg-info/dependency_links.txt
[0.795s] writing entry points to ../../build/opencv_calculator/opencv_calculator.egg-info/entry_points.txt
[0.795s] writing requirements to ../../build/opencv_calculator/opencv_calculator.egg-info/requires.txt
[0.795s] writing top-level names to ../../build/opencv_calculator/opencv_calculator.egg-info/top_level.txt
[0.812s] reading manifest file '../../build/opencv_calculator/opencv_calculator.egg-info/SOURCES.txt'
[0.812s] writing manifest file '../../build/opencv_calculator/opencv_calculator.egg-info/SOURCES.txt'
[0.812s] running build
[0.812s] running build_py
[0.813s] copying opencv_calculator/calculator_node.py -> /home/sam/vision_ws/build/opencv_calculator/build/lib/opencv_calculator
[0.813s] running install
[0.815s] running install_lib
[0.823s] copying /home/sam/vision_ws/build/opencv_calculator/build/lib/opencv_calculator/calculator_node.py -> /home/sam/vision_ws/install/opencv_calculator/lib/python3.10/site-packages/opencv_calculator
[0.824s] byte-compiling /home/sam/vision_ws/install/opencv_calculator/lib/python3.10/site-packages/opencv_calculator/calculator_node.py to calculator_node.cpython-310.pyc
[0.824s] running install_data
[0.824s] running install_egg_info
[0.834s] removing '/home/sam/vision_ws/install/opencv_calculator/lib/python3.10/site-packages/opencv_calculator-0.0.0-py3.10.egg-info' (and everything under it)
[0.834s] Copying ../../build/opencv_calculator/opencv_calculator.egg-info to /home/sam/vision_ws/install/opencv_calculator/lib/python3.10/site-packages/opencv_calculator-0.0.0-py3.10.egg-info
[0.834s] running install_scripts
[0.868s] Installing calculator_node script to /home/sam/vision_ws/install/opencv_calculator/lib/opencv_calculator
[0.868s] writing list of installed files to '/home/sam/vision_ws/build/opencv_calculator/install.log'
[0.893s] Invoked command in '/home/sam/vision_ws/src/opencv_calculator' returned '0': PYTHONPATH=/home/sam/vision_ws/build/opencv_calculator/prefix_override:/usr/lib/python3/dist-packages/colcon_core/task/python/colcon_distutils_commands:/home/sam/vision_ws/install/opencv_calculator/lib/python3.10/site-packages:${PYTHONPATH} /usr/bin/python3 -W ignore:setup.py install is deprecated -W ignore:easy_install command is deprecated setup.py egg_info --egg-base ../../build/opencv_calculator build --build-base /home/sam/vision_ws/build/opencv_calculator/build install --record /home/sam/vision_ws/build/opencv_calculator/install.log --single-version-externally-managed install_data
